45.14
38.85
131.94
13.36
0
1
1
0
1
1
0
0
6.28
0
9.86
1
1
1
0
0
0
1
0
1
