this works now
this also works
this also works
Array
Array
